// Jest Snapshot v1, https://goo.gl/fbAQLP

exports[`<Dots /> matches the snapshot 1`] = `
<div>
  <div
    class="dots"
  />
</div>
`;
